EN automat NULL "C:/Users/Damian Bigajczyk/Desktop/WorkSpace/FPGA/Maszyna_Stanow/Automat/Automat.vhd" sub00/vhpl00 1557231281
EN automat_2 NULL "C:/Users/Damian Bigajczyk/Desktop/WorkSpace/FPGA/Maszyna_Stanow/Automat/Automat_2.vhd" sub00/vhpl02 1557232152
AR automat_2 behavioral "C:/Users/Damian Bigajczyk/Desktop/WorkSpace/FPGA/Maszyna_Stanow/Automat/Automat_2.vhd" sub00/vhpl03 1557232153
AR automat behavioral "C:/Users/Damian Bigajczyk/Desktop/WorkSpace/FPGA/Maszyna_Stanow/Automat/Automat.vhd" sub00/vhpl01 1557231282
