AR sum1b behavioral "C:/Users/Damian Bigajczyk/Desktop/WorkSpace/FPGA/MUL4x4/SUM1B.vhd" sub00/vhpl01 1554471959
EN sum1b NULL "C:/Users/Damian Bigajczyk/Desktop/WorkSpace/FPGA/MUL4x4/SUM1B.vhd" sub00/vhpl00 1554471958
EN sum8b NULL "C:/Users/Damian Bigajczyk/Desktop/WorkSpace/FPGA/MUL4x4/SUM8B.vhd" sub00/vhpl02 1554471960
AR sum8b behavioral "C:/Users/Damian Bigajczyk/Desktop/WorkSpace/FPGA/MUL4x4/SUM8B.vhd" sub00/vhpl03 1554471961
AR mul4x4 behavioral "C:/Users/Damian Bigajczyk/Desktop/WorkSpace/FPGA/MUL4x4/MUL4x4.vhd" sub00/vhpl05 1554471963
EN mul4x4 NULL "C:/Users/Damian Bigajczyk/Desktop/WorkSpace/FPGA/MUL4x4/MUL4x4.vhd" sub00/vhpl04 1554471962
