V3 11
FL "C:/Users/Damian Bigajczyk/Desktop/WorkSpace/FPGA/MUL4x4/MUL4x4.vhd" 2019/04/05.15:45:53 P.20131013
EN work/MUL4x4 1554471962 \
      FL "C:/Users/Damian Bigajczyk/Desktop/WorkSpace/FPGA/MUL4x4/MUL4x4.vhd" \
      PB ieee/std_logic_1164 1381692176
AR work/MUL4x4/Behavioral 1554471963 \
      FL "C:/Users/Damian Bigajczyk/Desktop/WorkSpace/FPGA/MUL4x4/MUL4x4.vhd" \
      EN work/MUL4x4 1554471962 CP SUM8B
FL "C:/Users/Damian Bigajczyk/Desktop/WorkSpace/FPGA/MUL4x4/SUM1B.vhd" 2019/04/04.22:08:49 P.20131013
EN work/SUM1B 1554471958 \
      FL "C:/Users/Damian Bigajczyk/Desktop/WorkSpace/FPGA/MUL4x4/SUM1B.vhd" \
      PB ieee/std_logic_1164 1381692176
AR work/SUM1B/Behavioral 1554471959 \
      FL "C:/Users/Damian Bigajczyk/Desktop/WorkSpace/FPGA/MUL4x4/SUM1B.vhd" \
      EN work/SUM1B 1554471958
FL "C:/Users/Damian Bigajczyk/Desktop/WorkSpace/FPGA/MUL4x4/SUM8B.vhd" 2019/04/04.22:29:52 P.20131013
EN work/SUM8B 1554471960 \
      FL "C:/Users/Damian Bigajczyk/Desktop/WorkSpace/FPGA/MUL4x4/SUM8B.vhd" \
      PB ieee/std_logic_1164 1381692176
AR work/SUM8B/Behavioral 1554471961 \
      FL "C:/Users/Damian Bigajczyk/Desktop/WorkSpace/FPGA/MUL4x4/SUM8B.vhd" \
      EN work/SUM8B 1554471960 CP SUM1B
