Release 14.7 - xst P.20131013 (nt64)
Copyright (c) 1995-2013 Xilinx, Inc.  All rights reserved.
--> Parameter TMPDIR set to xst/projnav.tmp


Total REAL time to Xst completion: 0.00 secs
Total CPU time to Xst completion: 0.19 secs
 
--> Parameter xsthdpdir set to xst


Total REAL time to Xst completion: 0.00 secs
Total CPU time to Xst completion: 0.19 secs
 
--> Reading design: Time_of_reaction.prj

TABLE OF CONTENTS
  1) Synthesis Options Summary
  2) HDL Parsing
  3) HDL Elaboration
  4) HDL Synthesis
       4.1) HDL Synthesis Report
  5) Advanced HDL Synthesis
       5.1) Advanced HDL Synthesis Report
  6) Low Level Synthesis
  7) Partition Report
  8) Design Summary
       8.1) Primitive and Black Box Usage
       8.2) Device utilization summary
       8.3) Partition Resource Summary
       8.4) Timing Report
            8.4.1) Clock Information
            8.4.2) Asynchronous Control Signals Information
            8.4.3) Timing Summary
            8.4.4) Timing Details
            8.4.5) Cross Clock Domains Report


=========================================================================
*                      Synthesis Options Summary                        *
=========================================================================
---- Source Parameters
Input File Name                    : "Time_of_reaction.prj"
Ignore Synthesis Constraint File   : NO

---- Target Parameters
Output File Name                   : "Time_of_reaction"
Output Format                      : NGC
Target Device                      : xc6slx16-3-csg324

---- Source Options
Top Module Name                    : Time_of_reaction
Automatic FSM Extraction           : YES
FSM Encoding Algorithm             : Auto
Safe Implementation                : No
FSM Style                          : LUT
RAM Extraction                     : Yes
RAM Style                          : Auto
ROM Extraction                     : Yes
Shift Register Extraction          : YES
ROM Style                          : Auto
Resource Sharing                   : YES
Asynchronous To Synchronous        : NO
Shift Register Minimum Size        : 2
Use DSP Block                      : Auto
Automatic Register Balancing       : No

---- Target Options
LUT Combining                      : Auto
Reduce Control Sets                : Auto
Add IO Buffers                     : YES
Global Maximum Fanout              : 100000
Add Generic Clock Buffer(BUFG)     : 16
Register Duplication               : YES
Optimize Instantiated Primitives   : NO
Use Clock Enable                   : Auto
Use Synchronous Set                : Auto
Use Synchronous Reset              : Auto
Pack IO Registers into IOBs        : Auto
Equivalent register Removal        : YES

---- General Options
Optimization Goal                  : Speed
Optimization Effort                : 1
Power Reduction                    : NO
Keep Hierarchy                     : No
Netlist Hierarchy                  : As_Optimized
RTL Output                         : Yes
Global Optimization                : AllClockNets
Read Cores                         : YES
Write Timing Constraints           : NO
Cross Clock Analysis               : NO
Hierarchy Separator                : /
Bus Delimiter                      : <>
Case Specifier                     : Maintain
Slice Utilization Ratio            : 100
BRAM Utilization Ratio             : 100
DSP48 Utilization Ratio            : 100
Auto BRAM Packing                  : NO
Slice Utilization Ratio Delta      : 5

=========================================================================


=========================================================================
*                          HDL Parsing                                  *
=========================================================================
Parsing VHDL file "C:\Users\Damian Bigajczyk\Desktop\WorkSpace\FPGA\Project_2\Project_2\BINTO7SEG.vhd" into library work
Parsing entity <BINTO7SEG>.
Parsing architecture <Behavioral> of entity <binto7seg>.
Parsing VHDL file "C:\Users\Damian Bigajczyk\Desktop\WorkSpace\FPGA\Project_2\Project_2\Sterownik_wyswietlacza_LED.vhd" into library work
Parsing entity <Sterownik_wyswietlacza_LED>.
Parsing architecture <Behavioral> of entity <sterownik_wyswietlacza_led>.
Parsing VHDL file "C:\Users\Damian Bigajczyk\Desktop\WorkSpace\FPGA\Project_2\Project_2\CNT10.vhd" into library work
Parsing entity <CNT10>.
Parsing architecture <Behavioral> of entity <cnt10>.
Parsing VHDL file "C:\Users\Damian Bigajczyk\Desktop\WorkSpace\FPGA\Project_2\Project_2\Time_of_reaction.vhd" into library work
Parsing entity <Time_of_reaction>.
Parsing architecture <Behavioral> of entity <time_of_reaction>.

=========================================================================
*                            HDL Elaboration                            *
=========================================================================

Elaborating entity <Time_of_reaction> (architecture <Behavioral>) from library <work>.

Elaborating entity <CNT10> (architecture <Behavioral>) from library <work>.

Elaborating entity <Sterownik_wyswietlacza_LED> (architecture <Behavioral>) from library <work>.

Elaborating entity <BINTO7SEG> (architecture <Behavioral>) from library <work>.

=========================================================================
*                           HDL Synthesis                               *
=========================================================================

Synthesizing Unit <Time_of_reaction>.
    Related source file is "C:\Users\Damian Bigajczyk\Desktop\WorkSpace\FPGA\Project_2\Project_2\Time_of_reaction.vhd".
INFO:Xst:3210 - "C:\Users\Damian Bigajczyk\Desktop\WorkSpace\FPGA\Project_2\Project_2\Time_of_reaction.vhd" line 85: Output port <C> of the instance <C3> is unconnected or connected to loadless signal.
    Found 19-bit register for signal <CNT2>.
    Found 1-bit register for signal <CLK1>.
    Found 1-bit register for signal <CLK2>.
    Found 20-bit register for signal <CNT1>.
    Found 20-bit adder for signal <CNT1[19]_GND_5_o_add_0_OUT> created at line 67.
    Found 19-bit adder for signal <CNT2[18]_GND_5_o_add_1_OUT> created at line 68.
    Found 20-bit comparator lessequal for signal <CNT1[19]_GND_5_o_LessThan_3_o> created at line 69
    Found 19-bit comparator lessequal for signal <CNT2[18]_GND_5_o_LessThan_4_o> created at line 74
    Summary:
	inferred   2 Adder/Subtractor(s).
	inferred  41 D-type flip-flop(s).
	inferred   2 Comparator(s).
Unit <Time_of_reaction> synthesized.

Synthesizing Unit <Sterownik_wyswietlacza_LED>.
    Related source file is "C:\Users\Damian Bigajczyk\Desktop\WorkSpace\FPGA\Project_2\Project_2\Sterownik_wyswietlacza_LED.vhd".
    Found 2-bit register for signal <QT>.
    Found 4-bit register for signal <X>.
    Found 1-bit register for signal <DPX>.
    Found 4-bit register for signal <AN>.
    Found 2-bit adder for signal <QT[1]_GND_7_o_add_1_OUT> created at line 46.
    Found 4x4-bit Read Only RAM for signal <AN[3]_PWR_7_o_mux_14_OUT>
    Found 4-bit 4-to-1 multiplexer for signal <X[3]_X0[3]_mux_10_OUT> created at line 49.
    Summary:
	inferred   1 RAM(s).
	inferred   1 Adder/Subtractor(s).
	inferred  11 D-type flip-flop(s).
	inferred   2 Multiplexer(s).
Unit <Sterownik_wyswietlacza_LED> synthesized.

Synthesizing Unit <BINTO7SEG>.
    Related source file is "C:\Users\Damian Bigajczyk\Desktop\WorkSpace\FPGA\Project_2\Project_2\BINTO7SEG.vhd".
WARNING:Xst:737 - Found 1-bit latch for signal <SEG<7>>. Latches may be generated from incomplete case or if statements. We do not recommend the use of latches in FPGA/CPLD designs, as they may lead to timing problems.
WARNING:Xst:737 - Found 1-bit latch for signal <SEG<6>>. Latches may be generated from incomplete case or if statements. We do not recommend the use of latches in FPGA/CPLD designs, as they may lead to timing problems.
WARNING:Xst:737 - Found 1-bit latch for signal <SEG<5>>. Latches may be generated from incomplete case or if statements. We do not recommend the use of latches in FPGA/CPLD designs, as they may lead to timing problems.
WARNING:Xst:737 - Found 1-bit latch for signal <SEG<4>>. Latches may be generated from incomplete case or if statements. We do not recommend the use of latches in FPGA/CPLD designs, as they may lead to timing problems.
WARNING:Xst:737 - Found 1-bit latch for signal <SEG<3>>. Latches may be generated from incomplete case or if statements. We do not recommend the use of latches in FPGA/CPLD designs, as they may lead to timing problems.
WARNING:Xst:737 - Found 1-bit latch for signal <SEG<2>>. Latches may be generated from incomplete case or if statements. We do not recommend the use of latches in FPGA/CPLD designs, as they may lead to timing problems.
WARNING:Xst:737 - Found 1-bit latch for signal <SEG<1>>. Latches may be generated from incomplete case or if statements. We do not recommend the use of latches in FPGA/CPLD designs, as they may lead to timing problems.
WARNING:Xst:737 - Found 1-bit latch for signal <SEG<0>>. Latches may be generated from incomplete case or if statements. We do not recommend the use of latches in FPGA/CPLD designs, as they may lead to timing problems.
    Summary:
	inferred   8 Latch(s).
	inferred  10 Multiplexer(s).
Unit <BINTO7SEG> synthesized.

=========================================================================
HDL Synthesis Report

Macro Statistics
# RAMs                                                 : 1
 4x4-bit single-port Read Only RAM                     : 1
# Adders/Subtractors                                   : 3
 19-bit adder                                          : 1
 2-bit adder                                           : 1
 20-bit adder                                          : 1
# Registers                                            : 8
 1-bit register                                        : 3
 19-bit register                                       : 1
 2-bit register                                        : 1
 20-bit register                                       : 1
 4-bit register                                        : 2
# Latches                                              : 8
 1-bit latch                                           : 8
# Comparators                                          : 2
 19-bit comparator lessequal                           : 1
 20-bit comparator lessequal                           : 1
# Multiplexers                                         : 12
 1-bit 2-to-1 multiplexer                              : 10
 2-bit 2-to-1 multiplexer                              : 1
 4-bit 4-to-1 multiplexer                              : 1

=========================================================================

=========================================================================
*                       Advanced HDL Synthesis                          *
=========================================================================

WARNING:Xst:1710 - FF/Latch <SEG_7> (without init value) has a constant value of 1 in block <SEG7>. This FF/Latch will be trimmed during the optimization process.
WARNING:Xst:1710 - FF/Latch <DPX> (without init value) has a constant value of 0 in block <DISPDRU1>. This FF/Latch will be trimmed during the optimization process.

Synthesizing (advanced) Unit <Sterownik_wyswietlacza_LED>.
INFO:Xst:3231 - The small RAM <Mram_AN[3]_PWR_7_o_mux_14_OUT> will be implemented on LUTs in order to maximize performance and save block RAM resources. If you want to force its implementation on block, use option/constraint ram_style.
    -----------------------------------------------------------------------
    | ram_type           | Distributed                         |          |
    -----------------------------------------------------------------------
    | Port A                                                              |
    |     aspect ratio   | 4-word x 4-bit                      |          |
    |     weA            | connected to signal <GND>           | high     |
    |     addrA          | connected to signal <QT>            |          |
    |     diA            | connected to signal <GND>           |          |
    |     doA            | connected to internal node          |          |
    -----------------------------------------------------------------------
Unit <Sterownik_wyswietlacza_LED> synthesized (advanced).

Synthesizing (advanced) Unit <Time_of_reaction>.
The following registers are absorbed into counter <CNT2>: 1 register on signal <CNT2>.
The following registers are absorbed into counter <CNT1>: 1 register on signal <CNT1>.
Unit <Time_of_reaction> synthesized (advanced).

=========================================================================
Advanced HDL Synthesis Report

Macro Statistics
# RAMs                                                 : 1
 4x4-bit single-port distributed Read Only RAM         : 1
# Adders/Subtractors                                   : 1
 2-bit adder                                           : 1
# Counters                                             : 2
 19-bit up counter                                     : 1
 20-bit up counter                                     : 1
# Registers                                            : 13
 Flip-Flops                                            : 13
# Comparators                                          : 2
 19-bit comparator lessequal                           : 1
 20-bit comparator lessequal                           : 1
# Multiplexers                                         : 11
 1-bit 2-to-1 multiplexer                              : 10
 4-bit 4-to-1 multiplexer                              : 1

=========================================================================

=========================================================================
*                         Low Level Synthesis                           *
=========================================================================
WARNING:Xst:1710 - FF/Latch <DPX> (without init value) has a constant value of 0 in block <Sterownik_wyswietlacza_LED>. This FF/Latch will be trimmed during the optimization process.
WARNING:Xst:1710 - FF/Latch <SEG_7> (without init value) has a constant value of 1 in block <BINTO7SEG>. This FF/Latch will be trimmed during the optimization process.
INFO:Xst:2146 - In block <Time_of_reaction>, Counter <CNT1> <CNT2> are equivalent, XST will keep only <CNT1>.
WARNING:Xst:3002 - This design contains one or more registers/latches that are directly
   incompatible with the Spartan6 architecture. The two primary causes of this is
   either a register or latch described with both an asynchronous set and
   asynchronous reset, or a register or latch described with an asynchronous
   set or reset which however has an initialization value of the opposite 
   polarity (i.e. asynchronous reset with an initialization value of 1).
    While this circuit can be built, it creates a sub-optimal implementation
   in terms of area, power and performance. For a more optimal implementation
   Xilinx highly recommends one of the following:

          1) Remove either the set or reset from all registers and latches
             if not needed for required functionality
          2) Modify the code in order to produce a synchronous set
             and/or reset (both is preferred)
          3) Ensure all registers have the same initialization value as the
             described asynchronous set or reset polarity
          4) Use the -async_to_sync option to transform the asynchronous
             set/reset to synchronous operation
             (timing simulation highly recommended when using this option)

  Please refer to http://www.xilinx.com search string "Spartan6 asynchronous set/reset" for more details.

  List of register instances with asynchronous set and reset:
    SEG_0 in unit <BINTO7SEG>
    SEG_1 in unit <BINTO7SEG>
    SEG_2 in unit <BINTO7SEG>
    SEG_3 in unit <BINTO7SEG>
    SEG_4 in unit <BINTO7SEG>
    SEG_5 in unit <BINTO7SEG>
    SEG_6 in unit <BINTO7SEG>


Optimizing unit <Time_of_reaction> ...

Optimizing unit <Sterownik_wyswietlacza_LED> ...

Optimizing unit <BINTO7SEG> ...

Mapping all equations...
Building and optimizing final netlist ...
Found area constraint ratio of 100 (+ 5) on block Time_of_reaction, actual ratio is 0.

Final Macro Processing ...

=========================================================================
Final Register Report

Macro Statistics
# Registers                                            : 32
 Flip-Flops                                            : 32

=========================================================================

=========================================================================
*                           Partition Report                            *
=========================================================================

Partition Implementation Status
-------------------------------

  No Partitions were found in this design.

-------------------------------

=========================================================================
*                            Design Summary                             *
=========================================================================

Top Level Output File Name         : Time_of_reaction.ngc

Primitive and Black Box Usage:
------------------------------
# BELS                             : 89
#      GND                         : 1
#      INV                         : 3
#      LUT1                        : 19
#      LUT2                        : 7
#      LUT4                        : 13
#      LUT6                        : 6
#      MUXCY                       : 19
#      VCC                         : 1
#      XORCY                       : 20
# FlipFlops/Latches                : 39
#      FD                          : 22
#      FDC                         : 2
#      FDE                         : 8
#      LD                          : 7
# Clock Buffers                    : 1
#      BUFGP                       : 1
# IO Buffers                       : 13
#      IBUF                        : 1
#      OBUF                        : 12
# Others                           : 4
#      CNT10                       : 4

Device utilization summary:
---------------------------

Selected Device : 6slx16csg324-3 


Slice Logic Utilization: 
 Number of Slice Registers:              32  out of  18224     0%  
 Number of Slice LUTs:                   48  out of   9112     0%  
    Number used as Logic:                48  out of   9112     0%  

Slice Logic Distribution: 
 Number of LUT Flip Flop pairs used:     48
   Number with an unused Flip Flop:      16  out of     48    33%  
   Number with an unused LUT:             0  out of     48     0%  
   Number of fully used LUT-FF pairs:    32  out of     48    66%  
   Number of unique control sets:         4

IO Utilization: 
 Number of IOs:                          14
 Number of bonded IOBs:                  14  out of    232     6%  
    IOB Flip Flops/Latches:               7

Specific Feature Utilization:
 Number of BUFG/BUFGCTRLs:                1  out of     16     6%  

---------------------------
Partition Resource Summary:
---------------------------

  No Partitions were found in this design.

---------------------------


=========================================================================
Timing Report

NOTE: THESE TIMING NUMBERS ARE ONLY A SYNTHESIS ESTIMATE.
      FOR ACCURATE TIMING INFORMATION PLEASE REFER TO THE TRACE REPORT
      GENERATED AFTER PLACE-and-ROUTE.

Clock Information:
------------------
-----------------------------------+--------------------------+-------+
Clock Signal                       | Clock buffer(FF name)    | Load  |
-----------------------------------+--------------------------+-------+
CLK                                | BUFGP                    | 22    |
CLK2                               | NONE(DISPDRU1/AN_3)      | 10    |
SEG_7_OBUF                         | NONE(DISPDRU1/SEG7/SEG_0)| 7     |
-----------------------------------+--------------------------+-------+
INFO:Xst:2169 - HDL ADVISOR - Some clock signals were not automatically buffered by XST with BUFG/BUFR resources. Please use the buffer_type constraint in order to insert these buffers to the clock signals to help prevent skew problems.

Asynchronous Control Signals Information:
----------------------------------------
No asynchronous control signals found in this design

Timing Summary:
---------------
Speed Grade: -3

   Minimum period: 2.663ns (Maximum Frequency: 375.502MHz)
   Minimum input arrival time before clock: 3.202ns
   Maximum output required time after clock: 3.597ns
   Maximum combinational path delay: 1.872ns

Timing Details:
---------------
All values displayed in nanoseconds (ns)

=========================================================================
Timing constraint: Default period analysis for Clock 'CLK'
  Clock period: 2.663ns (frequency: 375.502MHz)
  Total number of paths / destination ports: 242 / 22
-------------------------------------------------------------------------
Delay:               2.663ns (Levels of Logic = 2)
  Source:            CNT1_7 (FF)
  Destination:       CLK1 (FF)
  Source Clock:      CLK rising
  Destination Clock: CLK rising

  Data Path: CNT1_7 to CLK1
                                Gate     Net
    Cell:in->out      fanout   Delay   Delay  Logical Name (Net Name)
    ----------------------------------------  ------------
     FD:C->Q               3   0.447   0.898  CNT1_7 (CNT1_7)
     LUT4:I0->O            1   0.203   0.808  CNT1[19]_INV_3_o24 (CNT1[19]_INV_3_o24)
     LUT6:I3->O            1   0.205   0.000  CNT1[19]_INV_3_o25 (CNT1[19]_INV_3_o)
     FD:D                      0.102          CLK1
    ----------------------------------------
    Total                      2.663ns (0.957ns logic, 1.706ns route)
                                       (35.9% logic, 64.1% route)

=========================================================================
Timing constraint: Default period analysis for Clock 'CLK2'
  Clock period: 2.190ns (frequency: 456.663MHz)
  Total number of paths / destination ports: 19 / 10
-------------------------------------------------------------------------
Delay:               2.190ns (Levels of Logic = 1)
  Source:            DISPDRU1/QT_0 (FF)
  Destination:       DISPDRU1/QT_0 (FF)
  Source Clock:      CLK2 rising
  Destination Clock: CLK2 rising

  Data Path: DISPDRU1/QT_0 to DISPDRU1/QT_0
                                Gate     Net
    Cell:in->out      fanout   Delay   Delay  Logical Name (Net Name)
    ----------------------------------------  ------------
     FDC:C->Q             10   0.447   0.856  DISPDRU1/QT_0 (DISPDRU1/QT_0)
     INV:I->O              1   0.206   0.579  DISPDRU1/Mmux_QT[1]_QT[1]_mux_20_OUT11_INV_0 (DISPDRU1/QT[1]_QT[1]_mux_20_OUT<0>)
     FDC:D                     0.102          DISPDRU1/QT_0
    ----------------------------------------
    Total                      2.190ns (0.755ns logic, 1.435ns route)
                                       (34.5% logic, 65.5% route)

=========================================================================
Timing constraint: Default OFFSET IN BEFORE for Clock 'CLK2'
  Total number of paths / destination ports: 26 / 14
-------------------------------------------------------------------------
Offset:              3.202ns (Levels of Logic = 2)
  Source:            BTN0 (PAD)
  Destination:       DISPDRU1/AN_3 (FF)
  Destination Clock: CLK2 rising

  Data Path: BTN0 to DISPDRU1/AN_3
                                Gate     Net
    Cell:in->out      fanout   Delay   Delay  Logical Name (Net Name)
    ----------------------------------------  ------------
     IBUF:I->O             3   1.222   0.650  BTN0_IBUF (BTN0_IBUF)
     INV:I->O              8   0.206   0.802  DISPDRU1/RESET_inv1_INV_0 (DISPDRU1/RESET_inv)
     FDE:CE                    0.322          DISPDRU1/AN_0
    ----------------------------------------
    Total                      3.202ns (1.750ns logic, 1.452ns route)
                                       (54.7% logic, 45.3% route)

=========================================================================
Timing constraint: Default OFFSET OUT AFTER for Clock 'CLK2'
  Total number of paths / destination ports: 4 / 4
-------------------------------------------------------------------------
Offset:              3.597ns (Levels of Logic = 1)
  Source:            DISPDRU1/AN_3 (FF)
  Destination:       AN<3> (PAD)
  Source Clock:      CLK2 rising

  Data Path: DISPDRU1/AN_3 to AN<3>
                                Gate     Net
    Cell:in->out      fanout   Delay   Delay  Logical Name (Net Name)
    ----------------------------------------  ------------
     FDE:C->Q              1   0.447   0.579  DISPDRU1/AN_3 (DISPDRU1/AN_3)
     OBUF:I->O                 2.571          AN_3_OBUF (AN<3>)
    ----------------------------------------
    Total                      3.597ns (3.018ns logic, 0.579ns route)
                                       (83.9% logic, 16.1% route)

=========================================================================
Timing constraint: Default OFFSET OUT AFTER for Clock 'CLK'
  Total number of paths / destination ports: 1 / 1
-------------------------------------------------------------------------
Offset:              0.447ns (Levels of Logic = 0)
  Source:            CLK1 (FF)
  Destination:       C0:CLK (PAD)
  Source Clock:      CLK rising

  Data Path: CLK1 to C0:CLK
                                Gate     Net
    Cell:in->out      fanout   Delay   Delay  Logical Name (Net Name)
    ----------------------------------------  ------------
     FD:C->Q               0   0.447   0.000  CLK1 (CLK1)
    CNT10:CLK                  0.000          C0
    ----------------------------------------
    Total                      0.447ns (0.447ns logic, 0.000ns route)
                                       (100.0% logic, 0.0% route)

=========================================================================
Timing constraint: Default path analysis
  Total number of paths / destination ports: 7 / 7
-------------------------------------------------------------------------
Delay:               1.872ns (Levels of Logic = 1)
  Source:            BTN0 (PAD)
  Destination:       C0:RESET (PAD)

  Data Path: BTN0 to C0:RESET
                                Gate     Net
    Cell:in->out      fanout   Delay   Delay  Logical Name (Net Name)
    ----------------------------------------  ------------
     IBUF:I->O             3   1.222   0.650  BTN0_IBUF (BTN0_IBUF)
    CNT10:RESET                0.000          C0
    ----------------------------------------
    Total                      1.872ns (1.222ns logic, 0.650ns route)
                                       (65.3% logic, 34.7% route)

=========================================================================

Cross Clock Domains Report:
--------------------------

Clock to Setup on destination clock CLK
---------------+---------+---------+---------+---------+
               | Src:Rise| Src:Fall| Src:Rise| Src:Fall|
Source Clock   |Dest:Rise|Dest:Rise|Dest:Fall|Dest:Fall|
---------------+---------+---------+---------+---------+
CLK            |    2.663|         |         |         |
---------------+---------+---------+---------+---------+

Clock to Setup on destination clock CLK2
---------------+---------+---------+---------+---------+
               | Src:Rise| Src:Fall| Src:Rise| Src:Fall|
Source Clock   |Dest:Rise|Dest:Rise|Dest:Fall|Dest:Fall|
---------------+---------+---------+---------+---------+
CLK2           |    2.190|         |         |         |
---------------+---------+---------+---------+---------+

=========================================================================


Total REAL time to Xst completion: 6.00 secs
Total CPU time to Xst completion: 6.39 secs
 
--> 

Total memory usage is 4507016 kilobytes

Number of errors   :    0 (   0 filtered)
Number of warnings :   13 (   0 filtered)
Number of infos    :    4 (   0 filtered)

