Release 14.7 - xst P.20131013 (nt64)
Copyright (c) 1995-2013 Xilinx, Inc.  All rights reserved.
--> Parameter TMPDIR set to xst/projnav.tmp


Total REAL time to Xst completion: 0.00 secs
Total CPU time to Xst completion: 0.17 secs
 
--> Parameter xsthdpdir set to xst


Total REAL time to Xst completion: 0.00 secs
Total CPU time to Xst completion: 0.17 secs
 
--> Reading design: DISPDRU.prj

TABLE OF CONTENTS
  1) Synthesis Options Summary
  2) HDL Compilation
  3) Design Hierarchy Analysis
  4) HDL Analysis
  5) HDL Synthesis
     5.1) HDL Synthesis Report
  6) Advanced HDL Synthesis
     6.1) Advanced HDL Synthesis Report
  7) Low Level Synthesis
  8) Partition Report
  9) Final Report

=========================================================================
*                      Synthesis Options Summary                        *
=========================================================================
---- Source Parameters
Input File Name                    : "DISPDRU.prj"
Input Format                       : mixed
Ignore Synthesis Constraint File   : NO

---- Target Parameters
Output File Name                   : "DISPDRU"
Output Format                      : NGC
Target Device                      : XC9500 CPLDs

---- Source Options
Top Module Name                    : DISPDRU
Automatic FSM Extraction           : YES
FSM Encoding Algorithm             : Auto
Safe Implementation                : No
Mux Extraction                     : Yes
Resource Sharing                   : YES

---- Target Options
Add IO Buffers                     : YES
MACRO Preserve                     : YES
XOR Preserve                       : YES
Equivalent register Removal        : YES

---- General Options
Optimization Goal                  : Speed
Optimization Effort                : 1
Keep Hierarchy                     : Yes
Netlist Hierarchy                  : As_Optimized
RTL Output                         : Yes
Hierarchy Separator                : /
Bus Delimiter                      : <>
Case Specifier                     : Maintain
Verilog 2001                       : YES

---- Other Options
wysiwyg                            : NO

=========================================================================


=========================================================================
*                          HDL Compilation                              *
=========================================================================
Compiling vhdl file "C:/Users/Damian Bigajczyk/Desktop/WorkSpace/FPGA/Sterownik_wywietlacza_LED/BINTO7SEG.vhd" in Library work.
Architecture behavioral of Entity binto7seg is up to date.
Compiling vhdl file "C:/Users/Damian Bigajczyk/Desktop/WorkSpace/FPGA/CNT10/CNT10/CNT10.vhd" in Library work.
Architecture behavioral of Entity cnt10 is up to date.
Compiling vhdl file "C:/Users/Damian Bigajczyk/Desktop/WorkSpace/FPGA/Sterownik_wywietlacza_LED/Sterownik_wyswietlacza_LED.vhd" in Library work.
Architecture behavioral of Entity sterownik_wyswietlacza_led is up to date.
Compiling vhdl file "C:/Users/Damian Bigajczyk/Desktop/WorkSpace/FPGA/Project_1/DISPDRU/DISPDRU.vhd" in Library work.
Entity <dispdru> compiled.
Entity <dispdru> (Architecture <behavioral>) compiled.

=========================================================================
*                     Design Hierarchy Analysis                         *
=========================================================================
Analyzing hierarchy for entity <DISPDRU> in library <work> (architecture <behavioral>).

Analyzing hierarchy for entity <CNT10> in library <work> (architecture <behavioral>).

Analyzing hierarchy for entity <Sterownik_wyswietlacza_LED> in library <work> (architecture <behavioral>).

Analyzing hierarchy for entity <BINTO7SEG> in library <work> (architecture <behavioral>).


=========================================================================
*                            HDL Analysis                               *
=========================================================================
Analyzing Entity <DISPDRU> in library <work> (Architecture <behavioral>).
Entity <DISPDRU> analyzed. Unit <DISPDRU> generated.

Analyzing Entity <CNT10> in library <work> (Architecture <behavioral>).
Entity <CNT10> analyzed. Unit <CNT10> generated.

Analyzing Entity <Sterownik_wyswietlacza_LED> in library <work> (Architecture <behavioral>).
Entity <Sterownik_wyswietlacza_LED> analyzed. Unit <Sterownik_wyswietlacza_LED> generated.

Analyzing Entity <BINTO7SEG> in library <work> (Architecture <behavioral>).
Entity <BINTO7SEG> analyzed. Unit <BINTO7SEG> generated.


=========================================================================
*                           HDL Synthesis                               *
=========================================================================

Performing bidirectional port resolution...

Synthesizing Unit <CNT10>.
    Related source file is "C:/Users/Damian Bigajczyk/Desktop/WorkSpace/FPGA/CNT10/CNT10/CNT10.vhd".
    Found 1-bit register for signal <C>.
    Found 4-bit up counter for signal <QT>.
    Summary:
	inferred   1 Counter(s).
	inferred   1 D-type flip-flop(s).
Unit <CNT10> synthesized.


Synthesizing Unit <BINTO7SEG>.
    Related source file is "C:/Users/Damian Bigajczyk/Desktop/WorkSpace/FPGA/Sterownik_wywietlacza_LED/BINTO7SEG.vhd".
    Found 8-bit 16-to-1 multiplexer for signal <SEG>.
Unit <BINTO7SEG> synthesized.


Synthesizing Unit <Sterownik_wyswietlacza_LED>.
    Related source file is "C:/Users/Damian Bigajczyk/Desktop/WorkSpace/FPGA/Sterownik_wywietlacza_LED/Sterownik_wyswietlacza_LED.vhd".
    Found 4-bit register for signal <AN>.
    Found 1-of-4 decoder for signal <AN$mux0000>.
    Found 1-bit register for signal <DPX>.
    Found 2-bit up counter for signal <QT>.
    Found 4-bit register for signal <X>.
    Found 4-bit 4-to-1 multiplexer for signal <X$mux0000>.
    Summary:
	inferred   1 Counter(s).
	inferred   1 D-type flip-flop(s).
	inferred   1 Decoder(s).
Unit <Sterownik_wyswietlacza_LED> synthesized.


Synthesizing Unit <DISPDRU>.
    Related source file is "C:/Users/Damian Bigajczyk/Desktop/WorkSpace/FPGA/Project_1/DISPDRU/DISPDRU.vhd".
WARNING:Xst:646 - Signal <x> is assigned but never used. This unconnected signal will be trimmed during the optimization process.
    Found 1-bit register for signal <CLK1>.
    Found 1-bit register for signal <CLK2>.
    Found 20-bit up counter for signal <CNT1>.
    Found 19-bit up counter for signal <CNT2>.
    Summary:
	inferred   2 Counter(s).
Unit <DISPDRU> synthesized.


=========================================================================
HDL Synthesis Report

Macro Statistics
# Counters                                             : 7
 19-bit up counter                                     : 1
 2-bit up counter                                      : 1
 20-bit up counter                                     : 1
 4-bit up counter                                      : 4
# Registers                                            : 9
 1-bit register                                        : 7
 4-bit register                                        : 2
# Multiplexers                                         : 2
 4-bit 4-to-1 multiplexer                              : 1
 8-bit 16-to-1 multiplexer                             : 1
# Decoders                                             : 1
 1-of-4 decoder                                        : 1

=========================================================================

=========================================================================
*                       Advanced HDL Synthesis                          *
=========================================================================

WARNING:Xst:1710 - FF/Latch <0> (without init value) has a constant value of 0 in block <DPX>. This FF/Latch will be trimmed during the optimization process.

=========================================================================
Advanced HDL Synthesis Report

Macro Statistics
# Counters                                             : 7
 19-bit up counter                                     : 1
 2-bit up counter                                      : 1
 20-bit up counter                                     : 1
 4-bit up counter                                      : 4
# Registers                                            : 5
 Flip-Flops                                            : 5
# Multiplexers                                         : 2
 4-bit 4-to-1 multiplexer                              : 1
 8-bit 16-to-1 multiplexer                             : 1
# Decoders                                             : 1
 1-of-4 decoder                                        : 1

=========================================================================

=========================================================================
*                         Low Level Synthesis                           *
=========================================================================
WARNING:Xst:1710 - FF/Latch <DPX> (without init value) has a constant value of 0 in block <Sterownik_wyswietlacza_LED>. This FF/Latch will be trimmed during the optimization process.

Optimizing unit <DISPDRU> ...

Optimizing unit <BINTO7SEG> ...

Optimizing unit <CNT10> ...

Optimizing unit <Sterownik_wyswietlacza_LED> ...
WARNING:Xst:2677 - Node <C> of sequential type is unconnected in block <C3>.

=========================================================================
*                           Partition Report                            *
=========================================================================

Partition Implementation Status
-------------------------------

  No Partitions were found in this design.

-------------------------------

=========================================================================
*                            Final Report                               *
=========================================================================
Final Results
RTL Top Level Output File Name     : DISPDRU.ngr
Top Level Output File Name         : DISPDRU
Output Format                      : NGC
Optimization Goal                  : Speed
Keep Hierarchy                     : Yes
Target Technology                  : XC9500 CPLDs
Macro Preserve                     : YES
XOR Preserve                       : YES
wysiwyg                            : NO

Design Statistics
# IOs                              : 14

Cell Usage :
# BELS                             : 423
#      AND2                        : 154
#      AND3                        : 6
#      AND4                        : 4
#      AND8                        : 2
#      INV                         : 138
#      OR2                         : 68
#      VCC                         : 1
#      XOR2                        : 50
# FlipFlops/Latches                : 70
#      FD                          : 52
#      FDC                         : 18
# IO Buffers                       : 14
#      IBUF                        : 2
#      OBUF                        : 12
=========================================================================


Total REAL time to Xst completion: 5.00 secs
Total CPU time to Xst completion: 5.06 secs
 
--> 

Total memory usage is 4534468 kilobytes

Number of errors   :    0 (   0 filtered)
Number of warnings :    4 (   0 filtered)
Number of infos    :    0 (   0 filtered)

