V3 3
FL "C:/Users/Damian Bigajczyk/Desktop/WorkSpace/FPGA/Counter/Counter/Counter.vhd" 2019/04/20.22:29:54 P.20131013
EN work/Counter 1555792199 \
      FL "C:/Users/Damian Bigajczyk/Desktop/WorkSpace/FPGA/Counter/Counter/Counter.vhd" \
      PB ieee/STD_LOGIC_UNSIGNED 1381692179 PB ieee/std_logic_1164 1381692176
AR work/Counter/Behavioral 1555792200 \
      FL "C:/Users/Damian Bigajczyk/Desktop/WorkSpace/FPGA/Counter/Counter/Counter.vhd" \
      EN work/Counter 1555792199
